// Jest Snapshot v1, https://goo.gl/fbAQLP

exports[`Search Form renders a search by default 1`] = `
<Fragment>
  <h1
    className="ingredientTitle"
  >
    Ingredient Table
  </h1>
  <form
    onSubmit={[Function]}
  >
    <input
      id="ingredientName"
      name="name"
      onChange={[Function]}
      placeholder="Add an ingredient..."
      type="text"
    />
    <button
      className="addIngredientButton"
      type="submit"
    >
      <img
        alt="logo"
        className="logo"
        src="Lemon.jpg"
      />
      <div
        className="plus"
      >
        +
      </div>
    </button>
  </form>
</Fragment>
`;
