// Jest Snapshot v1, https://goo.gl/fbAQLP

exports[`Renders the registration page renders a registrationform by default 1`] = `
<section
  className="registration"
>
  <h1
    className="heroTitle"
  >
    Register
  </h1>
  <RegistrationForm
    onRegistrationSuccess={[Function]}
  />
</section>
`;
