// Jest Snapshot v1, https://goo.gl/fbAQLP

exports[`Recipes component renders a recipe by default 1`] = `
<div
  className="miniSection"
>
  <li
    className="recipeItem"
    style={
      Object {
        "background": " url(https://spoonacular.com/recipeImages/645152-636x393.jpg) no-repeat center center",
      }
    }
  >
    <div
      className="recipeDetails"
    >
      <h2>
        Grandma's Apple Crisp
      </h2>
      <button
        className="expandButton"
        onClick={[Function]}
      >
        <div
          className="expandArrow"
        >
          ⥥
        </div>
        <h3>
          Expand
        </h3>
      </button>
    </div>
  </li>
</div>
`;

exports[`Recipes component renders a recipe given props 1`] = `
<div
  className="miniSection"
>
  <li
    className="recipeItem"
    style={
      Object {
        "background": " url(https://spoonacular.com/recipeImages/645152-636x393.jpg) no-repeat center center",
      }
    }
  >
    <div
      className="recipeDetails"
    >
      <h2>
        Grandma's Apple Crisp
      </h2>
      <button
        className="expandButton"
        onClick={[Function]}
      >
        <div
          className="expandArrow"
        >
          ⥥
        </div>
        <h3>
          Expand
        </h3>
      </button>
    </div>
  </li>
</div>
`;
