// Jest Snapshot v1, https://goo.gl/fbAQLP

exports[`IngredientsPage component renders a Ingredient in ul for each Ingredient in array 1`] = `
<ul
  className="ingredientList"
/>
`;

exports[`IngredientsPage component renders an IngredientsPage by default 1`] = `
<div
  className="ingredients"
>
  <div
    className="searchForm"
  >
    <Search
      addIngredient={[Function]}
    />
  </div>
  <ul
    className="ingredientList"
  />
  <Link
    className="basicButton"
    to="/recipes"
  >
    search recipes
  </Link>
</div>
`;
