// Jest Snapshot v1, https://goo.gl/fbAQLP

exports[`Nav component renders a Nav 1`] = `
<Fragment>
  <ul
    className="mainNav one-edge-shadow navColor"
  >
    <li
      className="homeButton"
    >
      <Link
        to="/"
      >
        Home
      </Link>
    </li>
    <li>
      <Link
        to="/recipes"
      >
        Recipes
      </Link>
    </li>
    <li>
      <Link
        to="/about"
      >
        <img
          alt="logo"
          className="logo"
          src="LemonGreen.jpg"
        />
      </Link>
    </li>
    <li
      className="loginButton"
    >
      <Link
        to="/login"
      >
        Log In
      </Link>
    </li>
    <li
      className="register"
    >
      <Link
        to="/register"
      >
        Register
      </Link>
    </li>
  </ul>
</Fragment>
`;
