// Jest Snapshot v1, https://goo.gl/fbAQLP

exports[`IngredientsPage component renders a recipe in ul for each recipe in the array 1`] = `null`;

exports[`IngredientsPage component renders an RecipePage by default 1`] = `
<div
  className="recipeSection"
>
  <HelmetWrapper
    defer={true}
    encodeSpecialCharacters={true}
  >
    <title>
      Lemonaid
    </title>
    <meta
      content="A list of recipes based on your search"
      name="description"
    />
    <meta
      cpntent="recipe,registration"
      name="keywords"
    />
  </HelmetWrapper>
  <h1
    className="recipeTitle"
  >
    Your Recipes
  </h1>
  <ul
    className="recipeList"
  />
</div>
`;
